// Jest Snapshot v1, https://goo.gl/fbAQLP

exports[`should render a form 1`] = `
<div>
  <div
    class="makeStyles-root-1"
  >
    <div
      class="makeStyles-root-2"
    >
      <div
        aria-expanded="false"
        aria-haspopup="listbox"
        aria-labelledby="downshift-options-label"
        class="makeStyles-container-3"
        role="combobox"
      >
        <div
          class="MuiFormControl-root MuiTextField-root MuiFormControl-fullWidth"
        >
          <label
            class="MuiFormLabel-root MuiInputLabel-root MuiInputLabel-formControl MuiInputLabel-animated MuiInputLabel-shrink"
            data-shrink="true"
            for="downshift-options-input"
            id="downshift-options-label"
          >
            Countries
          </label>
          <div
            class="MuiInputBase-root MuiInput-root makeStyles-inputRoot-5 MuiInput-underline MuiInputBase-fullWidth MuiInput-fullWidth MuiInputBase-formControl MuiInput-formControl"
          >
            <input
              aria-autocomplete="list"
              aria-invalid="false"
              aria-labelledby="downshift-options-label"
              autocomplete="off"
              class="MuiInputBase-input MuiInput-input makeStyles-inputInput-6"
              id="downshift-options-input"
              placeholder="Country"
              type="text"
              value=""
            />
          </div>
        </div>
        <div
          aria-labelledby="downshift-options-label"
          id="downshift-options-menu"
          role="listbox"
        />
      </div>
    </div>
    <button
      class="MuiButtonBase-root MuiButton-root MuiButton-contained MuiButton-containedPrimary Mui-disabled Mui-disabled"
      disabled=""
      tabindex="-1"
      type="submit"
    >
      <span
        class="MuiButton-label"
      >
        Search
      </span>
    </button>
  </div>
</div>
`;
